Godot Engine v4.6.2.stable.official.71f334935 - https://godotengine.org

[Conveyor: ] Speed changed from 5.0 to 0.2
[Conveyor: ] Speed changed from 5.0 to 0.2
[Conveyor: ] Speed changed from 5.0 to 0.2
[Conveyor: ] Speed changed from 5.0 to 0.2
[Conveyor: ] Speed changed from 5.0 to 0.2
[Conveyor: ] Speed changed from 5.0 to 0.2
[Conveyor: ] Speed changed from 5.0 to 1.5
[Conveyor: WasteConveyor] Speed changed from 1.5 to 0.8
[Conveyor: ] Speed changed from 5.0 to 1.5
[Conveyor: WasteConveyor] Speed changed from 1.5 to 0.8
[Conveyor: ] Speed changed from 5.0 to 1.5
[Conveyor: WasteConveyor] Speed changed from 1.5 to 0.8
[Conveyor: ] Speed changed from 5.0 to 2.0
[Conveyor: SmoothRoller] Speed changed from 2.0 to 5.0
[Conveyor: ] Speed changed from 5.0 to 2.0
Initial position: (0.0, 0.15, 0.0)
After setting position: (0.0, 0.0, -5.0)
